current directory: C:/Users/cheny/OneDrive - The Chinese University of Hong Kong/personal web/yiting/vendor/bundle/ruby/3.3.0/gems/json-2.10.1/ext/json/ext/parser
C:/Ruby33-x64/bin/ruby.exe extconf.rb
checking for rb_enc_interned_str() in ruby.h... yes
checking for rb_hash_new_capa() in ruby.h... yes
checking for rb_hash_bulk_insert() in ruby.h... yes
checking for rb_category_warn() in ruby.h... yes
checking for strnlen() in string.h... yes
checking for whether -std=c99 is accepted as CFLAGS... yes
creating Makefile

current directory: C:/Users/cheny/OneDrive - The Chinese University of Hong Kong/personal web/yiting/vendor/bundle/ruby/3.3.0/gems/json-2.10.1/ext/json/ext/parser
make DESTDIR\= sitearchdir\=./.gem.20250211-19072-nz4b3f sitelibdir\=./.gem.20250211-19072-nz4b3f clean

current directory: C:/Users/cheny/OneDrive - The Chinese University of Hong Kong/personal web/yiting/vendor/bundle/ruby/3.3.0/gems/json-2.10.1/ext/json/ext/parser
make DESTDIR\= sitearchdir\=./.gem.20250211-19072-nz4b3f sitelibdir\=./.gem.20250211-19072-nz4b3f
generating parser-x64-mingw-ucrt.def
compiling parser.c
linking shared-object json/ext/parser.so

current directory: C:/Users/cheny/OneDrive - The Chinese University of Hong Kong/personal web/yiting/vendor/bundle/ruby/3.3.0/gems/json-2.10.1/ext/json/ext/parser
make DESTDIR\= sitearchdir\=./.gem.20250211-19072-nz4b3f sitelibdir\=./.gem.20250211-19072-nz4b3f install
/usr/bin/install -c -m 0755 parser.so ./.gem.20250211-19072-nz4b3f/json/ext

current directory: C:/Users/cheny/OneDrive - The Chinese University of Hong Kong/personal web/yiting/vendor/bundle/ruby/3.3.0/gems/json-2.10.1/ext/json/ext/parser
make DESTDIR\= sitearchdir\=./.gem.20250211-19072-nz4b3f sitelibdir\=./.gem.20250211-19072-nz4b3f clean
